// Jest Snapshot v1, https://goo.gl/fbAQLP

exports[`Game should matcht the snapshot 1`] = `
<section
  className="game"
>
  <div
    className="bubble-image"
    style={
      Object {
        "backgroundImage": "url(meow)",
      }
    }
  />
  <form
    className="game-form"
    onSubmit={[Function]}
  >
    <fieldset>
      <legend>
        Which name matches the picture?
      </legend>
      <div
        key="4"
      >
        <input
          checked={false}
          className="name"
          name="name"
          onChange={[Function]}
          type="radio"
          value="name"
        />
        <label
          htmlFor="name"
        >
          name
        </label>
      </div>
      <div
        key="1"
      >
        <input
          checked={false}
          className="class"
          name="name"
          onChange={[Function]}
          type="radio"
          value="class"
        />
        <label
          htmlFor="class"
        >
          class
        </label>
      </div>
      <div
        key="2"
      >
        <input
          checked={false}
          className="name"
          name="name"
          onChange={[Function]}
          type="radio"
          value="name"
        />
        <label
          htmlFor="name"
        >
          name
        </label>
      </div>
      <div
        key="3"
      >
        <input
          checked={false}
          className="name"
          name="name"
          onChange={[Function]}
          type="radio"
          value="name"
        />
        <label
          htmlFor="name"
        >
          name
        </label>
      </div>
    </fieldset>
    <input
      className="submit"
      type="submit"
      value="Submit"
    />
  </form>
</section>
`;

exports[`Game should render the state if answers has a length greater than 1 1`] = `
<section
  className="game"
>
  <div
    className="bubble-image"
    style={
      Object {
        "backgroundImage": "url(meow)",
      }
    }
  />
  <form
    className="game-form"
    onSubmit={[Function]}
  >
    <fieldset>
      <legend>
        Which name matches the picture?
      </legend>
      <div
        key="2"
      >
        <input
          checked={false}
          className="name"
          name="name"
          onChange={[Function]}
          type="radio"
          value="name"
        />
        <label
          htmlFor="name"
        >
          name
        </label>
      </div>
      <div
        key="4"
      >
        <input
          checked={false}
          className="name"
          name="name"
          onChange={[Function]}
          type="radio"
          value="name"
        />
        <label
          htmlFor="name"
        >
          name
        </label>
      </div>
      <div
        key="3"
      >
        <input
          checked={false}
          className="name"
          name="name"
          onChange={[Function]}
          type="radio"
          value="name"
        />
        <label
          htmlFor="name"
        >
          name
        </label>
      </div>
      <div
        key="1"
      >
        <input
          checked={false}
          className="class"
          name="name"
          onChange={[Function]}
          type="radio"
          value="class"
        />
        <label
          htmlFor="class"
        >
          class
        </label>
      </div>
    </fieldset>
    <input
      className="submit"
      type="submit"
      value="Submit"
    />
  </form>
</section>
`;

exports[`Game should return a different render if isLoading is True 1`] = `
<div
  className="spinner"
>
  <div
    className="star1"
  />
  <div
    className="star2"
  />
</div>
`;
