// Jest Snapshot v1, https://goo.gl/fbAQLP

exports[`Card should match the snapshot 1`] = `
<Link
  replace={false}
  to="/studytime/4"
>
  <article
    className="card"
  >
    <h4>
      name
    </h4>
    <img
      alt="name"
      height="400"
      src="meow"
      width="500"
    />
  </article>
</Link>
`;
