// Jest Snapshot v1, https://goo.gl/fbAQLP

exports[`Card should match the snapshot 1`] = `
<Link
  className="link"
  replace={false}
  to="/hubble-bubble/studytime/4"
>
  <article
    className="card"
    style={
      Object {
        "backgroundImage": "url(meow",
      }
    }
  >
    <h4
      className="card-name"
    >
      name
    </h4>
  </article>
</Link>
`;
